// Jest Snapshot v1, https://goo.gl/fbAQLP

exports[`Header renders 1`] = `
<div>
  <div
    class="header"
  >
    <div
      class="header-content"
    >
      <a
        href="#"
      >
        Logo Left
      </a>
       
      <nav>
        <ul
          class="header-nav"
        >
          <li
            class="header-nav-item"
          >
            <a
              href="#"
            >
              Home
            </a>
          </li>
          <li
            class="header-nav-item"
          >
            <a
              href="#"
            >
              About
            </a>
          </li>
        </ul>
      </nav>
       
      <a
        href="#"
      >
        Logo Right
      </a>
    </div>
  </div>
</div>
`;
