// Jest Snapshot v1, https://goo.gl/fbAQLP

exports[`HeaderNav renders 1`] = `
<div>
  <nav>
    <ul
      class="header-nav"
    >
      <li
        class="header-nav-item"
      >
        <a
          href="#"
        >
          Home
        </a>
      </li>
      <li
        class="header-nav-item"
      >
        <a
          href="#"
        >
          About
        </a>
      </li>
    </ul>
  </nav>
</div>
`;
