// Vitest Snapshot v1, https://vitest.dev/guide/snapshot.html

exports[`AgDynamicRenderer Lit — golden snapshots > workflow: contact-form > variation 1 matches snapshot 1`] = `"<!----><!--?lit--><!----><ag-input name="" value="" size="default" required=""></ag-input><!----><!----><ag-input name="" value="" size="default" required=""></ag-input><!----><!----><ag-input name="" value="" size="default"></ag-input><!----><!----><ag-button aria-label="" variant="primary" size="" shape=""><!--?lit--><!----><span><!--?lit-->Send message</span><!----></ag-button><!----><!--?-->"`;

exports[`AgDynamicRenderer Lit — golden snapshots > workflow: contact-form > variation 2 matches snapshot 1`] = `"<!----><!--?lit--><!----><ag-input name="" value="" size="default" required=""></ag-input><!----><!----><ag-input name="" value="" size="default" required=""></ag-input><!----><!----><ag-input name="" value="" size="default"></ag-input><!----><!----><ag-input name="" value="" size="default" required=""></ag-input><!----><!----><ag-input name="" value="" size="default"></ag-input><!----><!----><ag-button aria-label="" variant="primary" size="" shape=""><!--?lit--><!----><span><!--?lit-->Submit</span><!----></ag-button><!----><!--?-->"`;

exports[`AgDynamicRenderer Lit — golden snapshots > workflow: contact-form > variation 3 matches snapshot 1`] = `"<!----><!--?lit--><!----><ag-input name="" value="" size="default" required=""></ag-input><!----><!----><ag-input name="" value="" size="default" required=""></ag-input><!----><!----><ag-input name="" value="" size="default"></ag-input><!----><!----><ag-toggle name="" size="md" variant="default"></ag-toggle><!----><!----><ag-divider justify="" size="" variant=""></ag-divider><!----><!----><ag-button aria-label="" variant="primary" size="" shape=""><!--?lit--><!----><span><!--?lit-->Get in touch</span><!----></ag-button><!----><!--?-->"`;

exports[`AgDynamicRenderer Lit — golden snapshots > workflow: contact-form > variation 4 matches snapshot 1`] = `"<!----><!--?lit--><!----><ag-input name="" value="" size="default" required=""></ag-input><!----><!----><ag-input name="" value="" size="default"></ag-input><!----><!----><ag-input name="" value="" size="default" required=""></ag-input><!----><!----><ag-input name="" value="" size="default"></ag-input><!----><!----><ag-button aria-label="" variant="primary" size="" shape=""><!--?lit--><!----><span><!--?lit-->Send request</span><!----></ag-button><!----><!--?-->"`;

exports[`AgDynamicRenderer Lit — golden snapshots > workflow: contact-form > variation 5 matches snapshot 1`] = `"<!----><!--?lit--><!----><h2><!--?lit-->Contact Sales</h2><!----><!----><ag-badge variant="primary" size=""><!--?lit--><!----><span><!--?lit-->Responds in 24h</span><!----></ag-badge><!----><!----><ag-divider justify="" size="" variant=""></ag-divider><!----><!----><ag-input name="" value="" size="default" required=""></ag-input><!----><!----><ag-input name="" value="" size="default" required=""></ag-input><!----><!----><ag-input name="" value="" size="default"></ag-input><!----><!----><ag-button full-width="" aria-label="" variant="primary" size="" shape=""><!--?lit--><!----><span><!--?lit-->Send message</span><!----></ag-button><!----><!--?-->"`;

exports[`AgDynamicRenderer Lit — golden snapshots > workflow: login-form > variation 1 matches snapshot 1`] = `"<!----><!--?lit--><!----><ag-input name="" value="" size="default" required=""></ag-input><!----><!----><ag-input name="" value="" size="default" required=""></ag-input><!----><!----><ag-toggle name="" size="md" variant="default"></ag-toggle><!----><!----><ag-button aria-label="" variant="primary" size="" shape=""><!--?lit--><!----><span><!--?lit-->Sign in</span><!----></ag-button><!----><!--?-->"`;

exports[`AgDynamicRenderer Lit — golden snapshots > workflow: login-form > variation 2 matches snapshot 1`] = `"<!----><!--?lit--><!----><h2><!--?lit-->Welcome back</h2><!----><!----><ag-input name="" value="" size="default" required=""></ag-input><!----><!----><ag-input name="" value="" size="default" required=""></ag-input><!----><!----><ag-link variant="" buttonsize="" buttonshape="" aria-label=""><!--?lit--><!----><span><!--?lit-->Forgot password?</span><!----></ag-link><!----><!----><ag-button full-width="" aria-label="" variant="primary" size="" shape=""><!--?lit--><!----><span><!--?lit-->Sign in</span><!----></ag-button><!----><!--?-->"`;

exports[`AgDynamicRenderer Lit — golden snapshots > workflow: login-form > variation 3 matches snapshot 1`] = `"<!----><!--?lit--><!----><ag-input name="" value="" size="default" required=""></ag-input><!----><!----><ag-input name="" value="" size="default" required=""></ag-input><!----><!----><ag-divider justify="" size="" variant=""></ag-divider><!----><!----><ag-button aria-label="" variant="primary" size="" shape=""><!--?lit--><!----><span><!--?lit-->Log in to your account</span><!----></ag-button><!----><!--?-->"`;

exports[`AgDynamicRenderer Lit — golden snapshots > workflow: login-form > variation 4 matches snapshot 1`] = `"<!----><!--?lit--><!----><ag-input name="" value="" size="default" required=""></ag-input><!----><!----><ag-input name="" value="" size="default" required=""></ag-input><!----><!----><ag-checkbox name="terms" required=""></ag-checkbox><!----><!----><ag-button aria-label="" variant="primary" size="" shape=""><!--?lit--><!----><span><!--?lit-->Create account</span><!----></ag-button><!----><!--?-->"`;

exports[`AgDynamicRenderer Lit — golden snapshots > workflow: login-form > variation 5 matches snapshot 1`] = `"<!----><!--?lit--><!----><ag-badge variant="success" size=""><!--?lit--><!----><span><!--?lit-->Secure login</span><!----></ag-badge><!----><!----><ag-input name="" value="" size="default" required=""></ag-input><!----><!----><ag-input name="" value="" size="default" required=""></ag-input><!----><!----><ag-toggle name="" size="md" variant="default"></ag-toggle><!----><!----><ag-button full-width="" aria-label="" variant="primary" size="" shape=""><!--?lit--><!----><span><!--?lit-->Sign in</span><!----></ag-button><!----><!--?-->"`;

exports[`AgDynamicRenderer Lit — golden snapshots > workflow: pricing-card > variation 1 matches snapshot 1`] = `"<!----><!--?lit--><!----><ag-card shadow="" rounded="md" variant="" media-position=""><!--?lit--><!----><ag-badge variant="primary" size=""><!--?lit--><!----><span><!--?lit-->Most popular</span><!----></ag-badge><!----><!----><h2><!--?lit-->Pro plan</h2><!----><!----><p><!--?lit-->$12 / month</p><!----><!----><ag-divider justify="" size="" variant=""></ag-divider><!----><!----><ag-button full-width="" aria-label="" variant="primary" size="" shape=""><!--?lit--><!----><span><!--?lit-->Get started</span><!----></ag-button><!----></ag-card><!----><!--?-->"`;

exports[`AgDynamicRenderer Lit — golden snapshots > workflow: pricing-card > variation 2 matches snapshot 1`] = `"<!----><!--?lit--><!----><ag-card shadow="" rounded="md" variant="" media-position=""><!--?lit--><!----><h2><!--?lit-->Starter</h2><!----><!----><p><!--?lit-->$5 / month</p><!----><!----><p><!--?lit-->Perfect for individuals and small projects</p><!----><!----><ag-divider justify="" size="" variant=""></ag-divider><!----><!----><ag-button bordered="" full-width="" aria-label="" variant="" size="" shape=""><!--?lit--><!----><span><!--?lit-->Start free trial</span><!----></ag-button><!----></ag-card><!----><!--?-->"`;

exports[`AgDynamicRenderer Lit — golden snapshots > workflow: pricing-card > variation 3 matches snapshot 1`] = `"<!----><!--?lit--><!----><ag-card shadow="" rounded="md" variant="" media-position=""><!--?lit--><!----><ag-badge variant="warning" size=""><!--?lit--><!----><span><!--?lit-->Enterprise</span><!----></ag-badge><!----><!----><h2><!--?lit-->Custom pricing</h2><!----><!----><p><!--?lit-->Contact us</p><!----><!----><ag-divider justify="" size="" variant=""></ag-divider><!----><!----><ag-button full-width="" aria-label="" variant="primary" size="" shape=""><!--?lit--><!----><span><!--?lit-->Talk to sales</span><!----></ag-button><!----></ag-card><!----><!--?-->"`;

exports[`AgDynamicRenderer Lit — golden snapshots > workflow: pricing-card > variation 4 matches snapshot 1`] = `"<!----><!--?lit--><!----><ag-card shadow="" rounded="md" variant="" media-position=""><!--?lit--><!----><ag-badge variant="success" size=""><!--?lit--><!----><span><!--?lit-->Save 20%</span><!----></ag-badge><!----><!----><h2><!--?lit-->Annual plan</h2><!----><!----><p><!--?lit-->$99 / year</p><!----><!----><p><!--?lit-->Billed annually — that's $8.25/mo</p><!----><!----><ag-divider justify="" size="" variant=""></ag-divider><!----><!----><ag-button full-width="" aria-label="" variant="primary" size="" shape=""><!--?lit--><!----><span><!--?lit-->Get annual plan</span><!----></ag-button><!----></ag-card><!----><!--?-->"`;

exports[`AgDynamicRenderer Lit — golden snapshots > workflow: pricing-card > variation 5 matches snapshot 1`] = `"<!----><!--?lit--><!----><ag-card shadow="" rounded="md" variant="" media-position=""><!--?lit--><!----><h2><!--?lit-->Team plan</h2><!----><!----><p><!--?lit-->$8 / user / month</p><!----><!----><p><!--?lit-->Minimum 5 seats — scales as your team grows</p><!----><!----><ag-divider justify="" size="" variant=""></ag-divider><!----><!----><ag-button full-width="" aria-label="" variant="primary" size="" shape=""><!--?lit--><!----><span><!--?lit-->Start team trial</span><!----></ag-button><!----><!----><ag-button bordered="" full-width="" aria-label="" variant="" size="" shape=""><!--?lit--><!----><span><!--?lit-->View all plans</span><!----></ag-button><!----></ag-card><!----><!--?-->"`;
